Archive member included to satisfy reference by file (symbol)

/opt/gcc-arm/bin/../lib/gcc/arm-none-eabi/12.3.1/../../../../arm-none-eabi/lib/thumb/v7-m/nofp/libc.a(libc_a-memcpy.o)
                              rtos/queue.o (memcpy)
/home/hakan/stm32f103c8t6/beginning-STM32-second-edition/libopencm3/lib/libopencm3_stm32f1.a(gpio.o)
                              uart.o (gpio_set_mode)
/home/hakan/stm32f103c8t6/beginning-STM32-second-edition/libopencm3/lib/libopencm3_stm32f1.a(gpio_common_all.o)
                              uart.o (gpio_toggle)
/home/hakan/stm32f103c8t6/beginning-STM32-second-edition/libopencm3/lib/libopencm3_stm32f1.a(rcc.o)
                              uart.o (rcc_clock_setup_pll)
/home/hakan/stm32f103c8t6/beginning-STM32-second-edition/libopencm3/lib/libopencm3_stm32f1.a(rcc_common_all.o)
                              uart.o (rcc_periph_clock_enable)
/home/hakan/stm32f103c8t6/beginning-STM32-second-edition/libopencm3/lib/libopencm3_stm32f1.a(usart_common_all.o)
                              uart.o (usart_set_baudrate)
/home/hakan/stm32f103c8t6/beginning-STM32-second-edition/libopencm3/lib/libopencm3_stm32f1.a(usart_common_f124.o)
                              uart.o (usart_send)
/home/hakan/stm32f103c8t6/beginning-STM32-second-edition/libopencm3/lib/libopencm3_stm32f1.a(vector.o)
                              (reset_handler)
/home/hakan/stm32f103c8t6/beginning-STM32-second-edition/libopencm3/lib/libopencm3_stm32f1.a(assert.o)
                              /home/hakan/stm32f103c8t6/beginning-STM32-second-edition/libopencm3/lib/libopencm3_stm32f1.a(rcc.o) (cm3_assert_failed)
/home/hakan/stm32f103c8t6/beginning-STM32-second-edition/libopencm3/lib/libopencm3_stm32f1.a(flash_common_all.o)
                              /home/hakan/stm32f103c8t6/beginning-STM32-second-edition/libopencm3/lib/libopencm3_stm32f1.a(rcc.o) (flash_set_ws)

Discarded input sections

 .text          0x00000000        0x0 uart.o
 .data          0x00000000        0x0 uart.o
 .bss           0x00000000        0x0 uart.o
 .text          0x00000000        0x0 rtos/heap_4.o
 .data          0x00000000        0x0 rtos/heap_4.o
 .bss           0x00000000        0x0 rtos/heap_4.o
 .text.xPortGetFreeHeapSize
                0x00000000        0xc rtos/heap_4.o
 .text.xPortGetMinimumEverFreeHeapSize
                0x00000000        0xc rtos/heap_4.o
 .text.vPortInitialiseBlocks
                0x00000000        0x2 rtos/heap_4.o
 .text          0x00000000        0x0 rtos/list.o
 .data          0x00000000        0x0 rtos/list.o
 .bss           0x00000000        0x0 rtos/list.o
 .text          0x00000000        0x0 rtos/port.o
 .data          0x00000000        0x0 rtos/port.o
 .bss           0x00000000        0x0 rtos/port.o
 .text.vPortEndScheduler
                0x00000000        0x2 rtos/port.o
 .text          0x00000000        0x0 rtos/queue.o
 .data          0x00000000        0x0 rtos/queue.o
 .bss           0x00000000        0x0 rtos/queue.o
 .text.xQueueCreateMutex
                0x00000000       0x24 rtos/queue.o
 .text.xQueueGenericSendFromISR
                0x00000000       0x62 rtos/queue.o
 .text.xQueueGiveFromISR
                0x00000000       0x56 rtos/queue.o
 .text.xQueueReceiveFromISR
                0x00000000       0x64 rtos/queue.o
 .text.xQueuePeekFromISR
                0x00000000       0x30 rtos/queue.o
 .text.uxQueueMessagesWaiting
                0x00000000       0x12 rtos/queue.o
 .text.uxQueueSpacesAvailable
                0x00000000       0x16 rtos/queue.o
 .text.uxQueueMessagesWaitingFromISR
                0x00000000        0x4 rtos/queue.o
 .text.vQueueDelete
                0x00000000        0x4 rtos/queue.o
 .text.xQueueIsQueueEmptyFromISR
                0x00000000        0xa rtos/queue.o
 .text.xQueueIsQueueFullFromISR
                0x00000000        0xc rtos/queue.o
 .text          0x00000000        0x0 rtos/tasks.o
 .data          0x00000000        0x0 rtos/tasks.o
 .bss           0x00000000        0x0 rtos/tasks.o
 .text.vTaskDelete
                0x00000000       0xbc rtos/tasks.o
 .text.uxTaskPriorityGet
                0x00000000       0x1c rtos/tasks.o
 .text.uxTaskPriorityGetFromISR
                0x00000000       0x28 rtos/tasks.o
 .text.vTaskPrioritySet
                0x00000000       0xc8 rtos/tasks.o
 .text.vTaskResume
                0x00000000       0x88 rtos/tasks.o
 .text.xTaskResumeFromISR
                0x00000000       0x90 rtos/tasks.o
 .text.vTaskEndScheduler
                0x00000000       0x20 rtos/tasks.o
 .text.xTaskGetTickCount
                0x00000000        0xc rtos/tasks.o
 .text.xTaskGetTickCountFromISR
                0x00000000        0xc rtos/tasks.o
 .text.uxTaskGetNumberOfTasks
                0x00000000        0xc rtos/tasks.o
 .text.pcTaskGetName
                0x00000000       0x10 rtos/tasks.o
 .text.vTaskDelayUntil
                0x00000000       0x50 rtos/tasks.o
 .text.vTaskSuspend
                0x00000000       0xac rtos/tasks.o
[...]
Memory Configuration

Name             Origin             Length             Attributes
rom              0x08000000         0x00010000         xr
ram              0x20000000         0x00005000         xrw
*default*        0x00000000         0xffffffff

Linker script and memory map

LOAD uart.o
LOAD rtos/heap_4.o
LOAD rtos/list.o
LOAD rtos/port.o
LOAD rtos/queue.o
LOAD rtos/tasks.o
LOAD rtos/opencm3.o
START GROUP
LOAD /opt/gcc-arm/bin/../lib/gcc/arm-none-eabi/12.3.1/../../../../arm-none-eabi/lib/thumb/v7-m/nofp/libc.a
LOAD /opt/gcc-arm/bin/../lib/gcc/arm-none-eabi/12.3.1/thumb/v7-m/nofp/libgcc.a
LOAD /opt/gcc-arm/bin/../lib/gcc/arm-none-eabi/12.3.1/../../../../arm-none-eabi/lib/thumb/v7-m/nofp/libnosys.a
END GROUP
LOAD /home/hakan/stm32f103c8t6/beginning-STM32-second-edition//rtos/libwwg/libwwg.a
LOAD /home/hakan/stm32f103c8t6/beginning-STM32-second-edition/libopencm3/lib/libopencm3_stm32f1.a
START GROUP
LOAD /opt/gcc-arm/bin/../lib/gcc/arm-none-eabi/12.3.1/thumb/v7-m/nofp/libgcc.a
LOAD /opt/gcc-arm/bin/../lib/gcc/arm-none-eabi/12.3.1/../../../../arm-none-eabi/lib/thumb/v7-m/nofp/libc.a
END GROUP
START GROUP
LOAD /opt/gcc-arm/bin/../lib/gcc/arm-none-eabi/12.3.1/thumb/v7-m/nofp/libgcc.a
LOAD /opt/gcc-arm/bin/../lib/gcc/arm-none-eabi/12.3.1/../../../../arm-none-eabi/lib/thumb/v7-m/nofp/libc.a
LOAD /opt/gcc-arm/bin/../lib/gcc/arm-none-eabi/12.3.1/../../../../arm-none-eabi/lib/thumb/v7-m/nofp/libnosys.a
END GROUP

.text           0x08000000     0x1848
 *(.vectors)
 .vectors       0x08000000      0x150 /home/hakan/stm32f103c8t6/beginning-STM32-second-edition/libopencm3/lib/libopencm3_stm32f1.a(vector.o)
                0x08000000                vector_table
 *(.text*)
 .text.uart_puts
                0x08000150       0x24 uart.o
 .text.demo_task
                0x08000174       0x24 uart.o
 .text.uart_task
                0x08000198       0x60 uart.o
 .text.startup.main
                0x080001f8       0xd4 uart.o
                0x080001f8                main
 .text.prvInsertBlockIntoFreeList
                0x080002cc       0x50 rtos/heap_4.o
 .text.pvPortMalloc
                0x0800031c       0xf4 rtos/heap_4.o
                0x0800031c                pvPortMalloc
 .text.vPortFree
                0x08000410       0x4c rtos/heap_4.o
                0x08000410                vPortFree
 .text.vListInitialise
                0x0800045c       0x16 rtos/list.o
                0x0800045c                vListInitialise
 .text.vListInitialiseItem
                0x08000472        0x6 rtos/list.o
                0x08000472                vListInitialiseItem
 .text.vListInsertEnd
                0x08000478       0x16 rtos/list.o
                0x08000478                vListInsertEnd
 .text.vListInsert
                0x0800048e       0x2e rtos/list.o
                0x0800048e                vListInsert
 .text.uxListRemove
                0x080004bc       0x1e rtos/list.o
                0x080004bc                uxListRemove
 .text.prvTaskExitError
                0x080004da       0x12 rtos/port.o
 .text.prvPortStartFirstTask
                0x080004ec       0x20 rtos/port.o
 .text.pxPortInitialiseStack
                0x0800050c       0x24 rtos/port.o
                0x0800050c                pxPortInitialiseStack
 .text.vPortSVCHandler
                0x08000530       0x24 rtos/port.o
                0x08000530                vPortSVCHandler
 .text.vPortEnterCritical
                0x08000554       0x20 rtos/port.o
                0x08000554                vPortEnterCritical
 .text.vPortExitCritical
                0x08000574       0x14 rtos/port.o
                0x08000574                vPortExitCritical
 *fill*         0x08000588        0x8 
 .text.xPortPendSVHandler
                0x08000590       0x44 rtos/port.o
                0x08000590                xPortPendSVHandler
 .text.xPortSysTickHandler
                0x080005d4       0x2c rtos/port.o
                0x080005d4                xPortSysTickHandler
 .text.vPortSetupTimerInterrupt
                0x08000600       0x10 rtos/port.o
                0x08000600                vPortSetupTimerInterrupt
 .text.xPortStartScheduler
                0x08000610       0x34 rtos/port.o
                0x08000610                xPortStartScheduler
 .text.prvCopyDataToQueue
                0x08000644       0x66 rtos/queue.o
 .text.prvCopyDataFromQueue
                0x080006aa       0x28 rtos/queue.o
 .text.prvUnlockQueue
                0x080006d2       0x70 rtos/queue.o
 .text.xQueueGenericReset
                0x08000742       0x6a rtos/queue.o
                0x08000742                xQueueGenericReset
 .text.xQueueGenericCreate
                0x080007ac       0x2e rtos/queue.o
                0x080007ac                xQueueGenericCreate
 .text.xQueueGenericSend
                0x080007da      0x114 rtos/queue.o
                0x080007da                xQueueGenericSend
 .text.xQueueGenericReceive
                0x080008ee      0x140 rtos/queue.o
                0x080008ee                xQueueGenericReceive
 *fill*         0x08000a2e        0x2 
 .text.prvAddCurrentTaskToDelayedList
                0x08000a30       0x88 rtos/tasks.o
 .text.prvResetNextTaskUnblockTime
                0x08000ab8       0x24 rtos/tasks.o
 .text.xTaskCreate
                0x08000adc      0x1a4 rtos/tasks.o
                0x08000adc                xTaskCreate
 .text.vTaskStartScheduler
                0x08000c80       0x60 rtos/tasks.o
                0x08000c80                vTaskStartScheduler
 .text.vTaskSuspendAll
                0x08000ce0       0x10 rtos/tasks.o
                0x08000ce0                vTaskSuspendAll
 .text.xTaskIncrementTick
                0x08000cf0      0x11c rtos/tasks.o
                0x08000cf0                xTaskIncrementTick
 .text.xTaskResumeAll
                0x08000e0c       0xd8 rtos/tasks.o
                0x08000e0c                xTaskResumeAll
 .text.vTaskDelay
                0x08000ee4       0x2e rtos/tasks.o
                0x08000ee4                vTaskDelay
 *fill*         0x08000f12        0x2 
 .text.prvIdleTask
                0x08000f14       0x74 rtos/tasks.o
 .text.vTaskSwitchContext
                0x08000f88       0x60 rtos/tasks.o
                0x08000f88                vTaskSwitchContext
 .text.vTaskPlaceOnEventList
                0x08000fe8       0x20 rtos/tasks.o
                0x08000fe8                vTaskPlaceOnEventList
 .text.xTaskRemoveFromEventList
                0x08001008       0x70 rtos/tasks.o
                0x08001008                xTaskRemoveFromEventList
 .text.vTaskSetTimeOutState
                0x08001078       0x18 rtos/tasks.o
                0x08001078                vTaskSetTimeOutState
 .text.xTaskCheckForTimeOut
                0x08001090       0x4c rtos/tasks.o
                0x08001090                xTaskCheckForTimeOut
 .text.vTaskMissedYield
                0x080010dc        0xc rtos/tasks.o
                0x080010dc                vTaskMissedYield
 .text.vTaskPriorityInherit
                0x080010e8       0x94 rtos/tasks.o
                0x080010e8                vTaskPriorityInherit
 .text.xTaskPriorityDisinherit
                0x0800117c       0x70 rtos/tasks.o
                0x0800117c                xTaskPriorityDisinherit
 .text.pvTaskIncrementMutexHeldCount
                0x080011ec       0x18 rtos/tasks.o
                0x080011ec                pvTaskIncrementMutexHeldCount
 .text.sv_call_handler
                0x08001204        0x4 rtos/opencm3.o
                0x08001204                sv_call_handler
 .text.pend_sv_handler
                0x08001208        0x4 rtos/opencm3.o
                0x08001208                pend_sv_handler
 .text.sys_tick_handler
                0x0800120c        0x4 rtos/opencm3.o
                0x0800120c                sys_tick_handler
 .text          0x08001210       0xec /opt/gcc-arm/bin/../lib/gcc/arm-none-eabi/12.3.1/../../../../arm-none-eabi/lib/thumb/v7-m/nofp/libc.a(libc_a-memcpy.o)
                0x08001210                memcpy
 .text.gpio_set_mode
                0x080012fc       0x6a /home/hakan/stm32f103c8t6/beginning-STM32-second-edition/libopencm3/lib/libopencm3_stm32f1.a(gpio.o)
                0x080012fc                gpio_set_mode
 .text.gpio_toggle
                0x08001366       0x12 /home/hakan/stm32f103c8t6/beginning-STM32-second-edition/libopencm3/lib/libopencm3_stm32f1.a(gpio_common_all.o)
                0x08001366                gpio_toggle
 .text.rcc_is_osc_ready
                0x08001378       0x58 /home/hakan/stm32f103c8t6/beginning-STM32-second-edition/libopencm3/lib/libopencm3_stm32f1.a(rcc.o)
                0x08001378                rcc_is_osc_ready
 .text.rcc_wait_for_osc_ready
                0x080013d0       0x10 /home/hakan/stm32f103c8t6/beginning-STM32-second-edition/libopencm3/lib/libopencm3_stm32f1.a(rcc.o)
                0x080013d0                rcc_wait_for_osc_ready
 .text.rcc_osc_on
                0x080013e0       0x60 /home/hakan/stm32f103c8t6/beginning-STM32-second-edition/libopencm3/lib/libopencm3_stm32f1.a(rcc.o)
                0x080013e0                rcc_osc_on
 .text.rcc_set_sysclk_source
                0x08001440       0x14 /home/hakan/stm32f103c8t6/beginning-STM32-second-edition/libopencm3/lib/libopencm3_stm32f1.a(rcc.o)
                0x08001440                rcc_set_sysclk_source
 .text.rcc_set_pll_multiplication_factor
                0x08001454       0x14 /home/hakan/stm32f103c8t6/beginning-STM32-second-edition/libopencm3/lib/libopencm3_stm32f1.a(rcc.o)
                0x08001454                rcc_set_pll_multiplication_factor
 .text.rcc_set_pll2_multiplication_factor
                0x08001468       0x14 /home/hakan/stm32f103c8t6/beginning-STM32-second-edition/libopencm3/lib/libopencm3_stm32f1.a(rcc.o)
                0x08001468                rcc_set_pll2_multiplication_factor
 .text.rcc_set_pll3_multiplication_factor
                0x0800147c       0x14 /home/hakan/stm32f103c8t6/beginning-STM32-second-edition/libopencm3/lib/libopencm3_stm32f1.a(rcc.o)
                0x0800147c                rcc_set_pll3_multiplication_factor
 .text.rcc_set_pll_source
                0x08001490       0x14 /home/hakan/stm32f103c8t6/beginning-STM32-second-edition/libopencm3/lib/libopencm3_stm32f1.a(rcc.o)
                0x08001490                rcc_set_pll_source
 .text.rcc_set_pllxtpre
                0x080014a4       0x14 /home/hakan/stm32f103c8t6/beginning-STM32-second-edition/libopencm3/lib/libopencm3_stm32f1.a(rcc.o)
                0x080014a4                rcc_set_pllxtpre
 .text.rcc_set_adcpre
                0x080014b8       0x14 /home/hakan/stm32f103c8t6/beginning-STM32-second-edition/libopencm3/lib/libopencm3_stm32f1.a(rcc.o)
                0x080014b8                rcc_set_adcpre
 .text.rcc_set_ppre2
                0x080014cc       0x14 /home/hakan/stm32f103c8t6/beginning-STM32-second-edition/libopencm3/lib/libopencm3_stm32f1.a(rcc.o)
                0x080014cc                rcc_set_ppre2
 .text.rcc_set_ppre1
                0x080014e0       0x14 /home/hakan/stm32f103c8t6/beginning-STM32-second-edition/libopencm3/lib/libopencm3_stm32f1.a(rcc.o)
                0x080014e0                rcc_set_ppre1
 .text.rcc_set_hpre
                0x080014f4       0x14 /home/hakan/stm32f103c8t6/beginning-STM32-second-edition/libopencm3/lib/libopencm3_stm32f1.a(rcc.o)
                0x080014f4                rcc_set_hpre
 .text.rcc_set_usbpre
                0x08001508       0x18 /home/hakan/stm32f103c8t6/beginning-STM32-second-edition/libopencm3/lib/libopencm3_stm32f1.a(rcc.o)
                0x08001508                rcc_set_usbpre
 .text.rcc_set_prediv1
                0x08001520       0x14 /home/hakan/stm32f103c8t6/beginning-STM32-second-edition/libopencm3/lib/libopencm3_stm32f1.a(rcc.o)
                0x08001520                rcc_set_prediv1
 .text.rcc_set_prediv2
                0x08001534       0x14 /home/hakan/stm32f103c8t6/beginning-STM32-second-edition/libopencm3/lib/libopencm3_stm32f1.a(rcc.o)
                0x08001534                rcc_set_prediv2
 .text.rcc_set_prediv1_source
                0x08001548       0x18 /home/hakan/stm32f103c8t6/beginning-STM32-second-edition/libopencm3/lib/libopencm3_stm32f1.a(rcc.o)
                0x08001548                rcc_set_prediv1_source
 .text.rcc_clock_setup_pll
                0x08001560       0xbc /home/hakan/stm32f103c8t6/beginning-STM32-second-edition/libopencm3/lib/libopencm3_stm32f1.a(rcc.o)
                0x08001560                rcc_clock_setup_pll
 .text.rcc_get_usart_clk_freq
                0x0800161c       0x1c /home/hakan/stm32f103c8t6/beginning-STM32-second-edition/libopencm3/lib/libopencm3_stm32f1.a(rcc.o)
                0x0800161c                rcc_get_usart_clk_freq
 .text.rcc_periph_clock_enable
                0x08001638       0x1a /home/hakan/stm32f103c8t6/beginning-STM32-second-edition/libopencm3/lib/libopencm3_stm32f1.a(rcc_common_all.o)
                0x08001638                rcc_periph_clock_enable
 .text.usart_set_baudrate
                0x08001652       0x16 /home/hakan/stm32f103c8t6/beginning-STM32-second-edition/libopencm3/lib/libopencm3_stm32f1.a(usart_common_all.o)
                0x08001652                usart_set_baudrate
 .text.usart_set_databits
                0x08001668       0x12 /home/hakan/stm32f103c8t6/beginning-STM32-second-edition/libopencm3/lib/libopencm3_stm32f1.a(usart_common_all.o)
                0x08001668                usart_set_databits
 .text.usart_set_stopbits
                0x0800167a        0xc /home/hakan/stm32f103c8t6/beginning-STM32-second-edition/libopencm3/lib/libopencm3_stm32f1.a(usart_common_all.o)
                0x0800167a                usart_set_stopbits
 .text.usart_set_parity
                0x08001686        0xc /home/hakan/stm32f103c8t6/beginning-STM32-second-edition/libopencm3/lib/libopencm3_stm32f1.a(usart_common_all.o)
                0x08001686                usart_set_parity
 .text.usart_set_mode
                0x08001692        0xc /home/hakan/stm32f103c8t6/beginning-STM32-second-edition/libopencm3/lib/libopencm3_stm32f1.a(usart_common_all.o)
                0x08001692                usart_set_mode
 .text.usart_set_flow_control
                0x0800169e        0xc /home/hakan/stm32f103c8t6/beginning-STM32-second-edition/libopencm3/lib/libopencm3_stm32f1.a(usart_common_all.o)
                0x0800169e                usart_set_flow_control
 .text.usart_enable
                0x080016aa        0xa /home/hakan/stm32f103c8t6/beginning-STM32-second-edition/libopencm3/lib/libopencm3_stm32f1.a(usart_common_all.o)
                0x080016aa                usart_enable
 .text.usart_send
                0x080016b4        0x8 /home/hakan/stm32f103c8t6/beginning-STM32-second-edition/libopencm3/lib/libopencm3_stm32f1.a(usart_common_f124.o)
                0x080016b4                usart_send
 .text.usart_get_flag
                0x080016bc        0xc /home/hakan/stm32f103c8t6/beginning-STM32-second-edition/libopencm3/lib/libopencm3_stm32f1.a(usart_common_f124.o)
                0x080016bc                usart_get_flag
 .text.blocking_handler
                0x080016c8        0x2 /home/hakan/stm32f103c8t6/beginning-STM32-second-edition/libopencm3/lib/libopencm3_stm32f1.a(vector.o)
                0x080016c8                usart3_isr
                0x080016c8                rtc_isr
                0x080016c8                tim7_isr
                0x080016c8                adc1_2_isr
                0x080016c8                tim1_trg_com_isr
                0x080016c8                usb_hp_can_tx_isr
                0x080016c8                tim6_isr
                0x080016c8                usb_wakeup_isr
                0x080016c8                blocking_handler
                0x080016c8                tim5_isr
                0x080016c8                otg_fs_isr
                0x080016c8                spi1_isr
                0x080016c8                exti2_isr
                0x080016c8                dma1_channel6_isr
                0x080016c8                can_rx1_isr
                0x080016c8                dma1_channel5_isr
                0x080016c8                dma2_channel5_isr
                0x080016c8                usart1_isr
                0x080016c8                usage_fault_handler
                0x080016c8                tim8_trg_com_isr
                0x080016c8                can2_rx0_isr
                0x080016c8                tim1_brk_isr
                0x080016c8                can2_rx1_isr
                0x080016c8                tim1_cc_isr
                0x080016c8                sdio_isr
                0x080016c8                eth_isr
                0x080016c8                dma1_channel4_isr
                0x080016c8                tim8_brk_isr
                0x080016c8                dma2_channel4_5_isr
                0x080016c8                pvd_isr
                0x080016c8                rcc_isr
                0x080016c8                flash_isr
                0x080016c8                uart4_isr
                0x080016c8                rtc_alarm_isr
                0x080016c8                exti15_10_isr
                0x080016c8                hard_fault_handler
                0x080016c8                exti1_isr
                0x080016c8                i2c1_ev_isr
                0x080016c8                dma2_channel1_isr
                0x080016c8                spi2_isr
                0x080016c8                tim8_up_isr
                0x080016c8                dma2_channel2_isr
                0x080016c8                exti3_isr
                0x080016c8                adc3_isr
                0x080016c8                tim3_isr
                0x080016c8                usart2_isr
                0x080016c8                usb_lp_can_rx0_isr
                0x080016c8                i2c2_er_isr
                0x080016c8                i2c2_ev_isr
                0x080016c8                uart5_isr
                0x080016c8                fsmc_isr
                0x080016c8                dma1_channel1_isr
                0x080016c8                exti4_isr
                0x080016c8                mem_manage_handler
                0x080016c8                can2_tx_isr
                0x080016c8                exti9_5_isr
                0x080016c8                dma2_channel3_isr
                0x080016c8                dma1_channel7_isr
                0x080016c8                tim1_up_isr
                0x080016c8                can2_sce_isr
                0x080016c8                tim4_isr
                0x080016c8                dma1_channel2_isr
                0x080016c8                i2c1_er_isr
                0x080016c8                can_sce_isr
                0x080016c8                tim8_cc_isr
                0x080016c8                tamper_isr
                0x080016c8                eth_wkup_isr
                0x080016c8                bus_fault_handler
                0x080016c8                wwdg_isr
                0x080016c8                dma1_channel3_isr
                0x080016c8                spi3_isr
                0x080016c8                tim2_isr
                0x080016c8                exti0_isr
 .text.null_handler
                0x080016ca        0x2 /home/hakan/stm32f103c8t6/beginning-STM32-second-edition/libopencm3/lib/libopencm3_stm32f1.a(vector.o)
                0x080016ca                null_handler
                0x080016ca                debug_monitor_handler
                0x080016ca                nmi_handler
 .text.reset_handler
                0x080016cc       0x94 /home/hakan/stm32f103c8t6/beginning-STM32-second-edition/libopencm3/lib/libopencm3_stm32f1.a(vector.o)
                0x080016cc                reset_handler
 .text.flash_set_ws
                0x08001760       0x14 /home/hakan/stm32f103c8t6/beginning-STM32-second-edition/libopencm3/lib/libopencm3_stm32f1.a(flash_common_all.o)
                0x08001760                flash_set_ws
                0x08001774                        . = ALIGN (0x4)
 *(.rodata*)
 .rodata.demo_task.str1.1
                0x08001774       0x39 uart.o
 .rodata.main.str1.1
                0x080017ad        0xa uart.o
 .rodata.vTaskStartScheduler.str1.1
                0x080017b7        0x5 rtos/tasks.o
 .rodata.rcc_hse_configs
                0x080017bc       0x8c /home/hakan/stm32f103c8t6/beginning-STM32-second-edition/libopencm3/lib/libopencm3_stm32f1.a(rcc.o)
                0x080017bc                rcc_hse_configs
                0x08001848                        . = ALIGN (0x4)

.glue_7         0x08001848        0x0
 .glue_7        0x08001848        0x0 linker stubs

.glue_7t        0x08001848        0x0
 .glue_7t       0x08001848        0x0 linker stubs

.vfp11_veneer   0x08001848        0x0
 .vfp11_veneer  0x08001848        0x0 linker stubs

.v4_bx          0x08001848        0x0
 .v4_bx         0x08001848        0x0 linker stubs

.iplt           0x08001848        0x0
 .iplt          0x08001848        0x0 uart.o

.preinit_array  0x08001848        0x0
                0x08001848                        . = ALIGN (0x4)
                0x08001848                        __preinit_array_start = .
 *(.preinit_array)
                0x08001848                        __preinit_array_end = .

.init_array     0x08001848        0x0
                0x08001848                        . = ALIGN (0x4)
                0x08001848                        __init_array_start = .
 *(SORT_BY_NAME(.init_array.*))
 *(.init_array)
                0x08001848                        __init_array_end = .

.fini_array     0x08001848        0x0
                0x08001848                        . = ALIGN (0x4)
                0x08001848                        __fini_array_start = .
 *(.fini_array)
 *(SORT_BY_NAME(.fini_array.*))
                0x08001848                        __fini_array_end = .

.ARM.extab
 *(.ARM.extab*)

.ARM.exidx      0x08001848        0x8
                0x08001848                        __exidx_start = .
 *(.ARM.exidx*)
 .ARM.exidx     0x08001848        0x8 /opt/gcc-arm/bin/../lib/gcc/arm-none-eabi/12.3.1/../../../../arm-none-eabi/lib/thumb/v7-m/nofp/libc.a(libc_a-memcpy.o)
                0x08001850                        __exidx_end = .

.rel.dyn        0x08001850        0x0
 .rel.iplt      0x08001850        0x0 uart.o
                0x08001850                        . = ALIGN (0x4)
                0x08001850                        _etext = .

.data           0x20000000       0x10 load address 0x08001850
                0x20000000                        _data = .
 *(.data*)
 .data.uxCriticalNesting
                0x20000000        0x4 rtos/port.o
 .data.rcc_ahb_frequency
                0x20000004        0x4 /home/hakan/stm32f103c8t6/beginning-STM32-second-edition/libopencm3/lib/libopencm3_stm32f1.a(rcc.o)
                0x20000004                rcc_ahb_frequency
 .data.rcc_apb2_frequency
                0x20000008        0x4 /home/hakan/stm32f103c8t6/beginning-STM32-second-edition/libopencm3/lib/libopencm3_stm32f1.a(rcc.o)
                0x20000008                rcc_apb2_frequency
 .data.rcc_apb1_frequency
                0x2000000c        0x4 /home/hakan/stm32f103c8t6/beginning-STM32-second-edition/libopencm3/lib/libopencm3_stm32f1.a(rcc.o)
                0x2000000c                rcc_apb1_frequency
                0x20000010                        . = ALIGN (0x4)
                0x20000010                        _edata = .
                0x08001850                        _data_loadaddr = LOADADDR (.data)

.igot.plt       0x20000010        0x0 load address 0x08001860
 .igot.plt      0x20000010        0x0 uart.o

.bss            0x20000010     0x4520 load address 0x08001860
 *(.bss*)
 .bss.uart_txq  0x20000010        0x4 uart.o
 .bss.xBlockAllocatedBit
                0x20000014        0x4 rtos/heap_4.o
 .bss.xMinimumEverFreeBytesRemaining
                0x20000018        0x4 rtos/heap_4.o
 .bss.xFreeBytesRemaining
                0x2000001c        0x4 rtos/heap_4.o
 .bss.pxEnd     0x20000020        0x4 rtos/heap_4.o
 .bss.xStart    0x20000024        0x8 rtos/heap_4.o
 .bss.ucHeap    0x2000002c     0x4400 rtos/heap_4.o
 .bss.uxSchedulerSuspended
                0x2000442c        0x4 rtos/tasks.o
 .bss.xIdleTaskHandle
                0x20004430        0x4 rtos/tasks.o
 .bss.xNextTaskUnblockTime
                0x20004434        0x4 rtos/tasks.o
 .bss.uxTaskNumber
                0x20004438        0x4 rtos/tasks.o
 .bss.xNumOfOverflows
                0x2000443c        0x4 rtos/tasks.o
 .bss.xYieldPending
                0x20004440        0x4 rtos/tasks.o
 .bss.uxPendedTicks
                0x20004444        0x4 rtos/tasks.o
 .bss.xSchedulerRunning
                0x20004448        0x4 rtos/tasks.o
 .bss.uxTopReadyPriority
                0x2000444c        0x4 rtos/tasks.o
 .bss.xTickCount
                0x20004450        0x4 rtos/tasks.o
 .bss.uxCurrentNumberOfTasks
                0x20004454        0x4 rtos/tasks.o
 .bss.xSuspendedTaskList
                0x20004458       0x14 rtos/tasks.o
 .bss.uxDeletedTasksWaitingCleanUp
                0x2000446c        0x4 rtos/tasks.o
 .bss.xTasksWaitingTermination
                0x20004470       0x14 rtos/tasks.o
 .bss.xPendingReadyList
                0x20004484       0x14 rtos/tasks.o
 .bss.pxOverflowDelayedTaskList
                0x20004498        0x4 rtos/tasks.o
 .bss.pxDelayedTaskList
                0x2000449c        0x4 rtos/tasks.o
 .bss.xDelayedTaskList2
                0x200044a0       0x14 rtos/tasks.o
 .bss.xDelayedTaskList1
                0x200044b4       0x14 rtos/tasks.o
 .bss.pxReadyTasksLists
                0x200044c8       0x64 rtos/tasks.o
 .bss.pxCurrentTCB
                0x2000452c        0x4 rtos/tasks.o
                0x2000452c                pxCurrentTCB
 *(COMMON)
                0x20004530                        . = ALIGN (0x4)
                0x20004530                        _ebss = .

/DISCARD/
 *(.eh_frame)
                0x20004530                        . = ALIGN (0x4)
                0x20004530                        end = .
                0x20005000                        PROVIDE (_stack = (ORIGIN (ram) + LENGTH (ram)))
OUTPUT(uart.elf elf32-littlearm)
LOAD linker stubs

.debug_info     0x00000000     0x7427
 .debug_info    0x00000000      0x9ba uart.o
 .debug_info    0x000009ba      0x3f9 rtos/heap_4.o
 .debug_info    0x00000db3      0x2ae rtos/list.o
 .debug_info    0x00001061      0x316 rtos/port.o
 .debug_info    0x00001377     0x147a rtos/queue.o
 .debug_info    0x000027f1     0x2029 rtos/tasks.o
 .debug_info    0x0000481a       0xde rtos/opencm3.o
 .debug_info    0x000048f8      0x1fd /home/hakan/stm32f103c8t6/beginning-STM32-second-edition/libopencm3/lib/libopencm3_stm32f1.a(gpio.o)
 .debug_info    0x00004af5      0x256 /home/hakan/stm32f103c8t6/beginning-STM32-second-edition/libopencm3/lib/libopencm3_stm32f1.a(gpio_common_all.o)
 .debug_info    0x00004d4b     0x14d0 /home/hakan/stm32f103c8t6/beginning-STM32-second-edition/libopencm3/lib/libopencm3_stm32f1.a(rcc.o)
 .debug_info    0x0000621b      0x60d /home/hakan/stm32f103c8t6/beginning-STM32-second-edition/libopencm3/lib/libopencm3_stm32f1.a(rcc_common_all.o)
 .debug_info    0x00006828      0x6b8 /home/hakan/stm32f103c8t6/beginning-STM32-second-edition/libopencm3/lib/libopencm3_stm32f1.a(usart_common_all.o)
 .debug_info    0x00006ee0      0x192 /home/hakan/stm32f103c8t6/beginning-STM32-second-edition/libopencm3/lib/libopencm3_stm32f1.a(usart_common_f124.o)
 .debug_info    0x00007072      0x2c4 /home/hakan/stm32f103c8t6/beginning-STM32-second-edition/libopencm3/lib/libopencm3_stm32f1.a(vector.o)
 .debug_info    0x00007336       0xf1 /home/hakan/stm32f103c8t6/beginning-STM32-second-edition/libopencm3/lib/libopencm3_stm32f1.a(flash_common_all.o)

.debug_abbrev   0x00000000     0x1a52
 .debug_abbrev  0x00000000      0x216 uart.o
 .debug_abbrev  0x00000216      0x243 rtos/heap_4.o
 .debug_abbrev  0x00000459      0x103 rtos/list.o
 .debug_abbrev  0x0000055c      0x220 rtos/port.o
 .debug_abbrev  0x0000077c      0x34d rtos/queue.o
 .debug_abbrev  0x00000ac9      0x489 rtos/tasks.o
 .debug_abbrev  0x00000f52       0x81 rtos/opencm3.o
 .debug_abbrev  0x00000fd3       0xd3 /home/hakan/stm32f103c8t6/beginning-STM32-second-edition/libopencm3/lib/libopencm3_stm32f1.a(gpio.o)
 .debug_abbrev  0x000010a6      0x115 /home/hakan/stm32f103c8t6/beginning-STM32-second-edition/libopencm3/lib/libopencm3_stm32f1.a(gpio_common_all.o)
 .debug_abbrev  0x000011bb      0x2be /home/hakan/stm32f103c8t6/beginning-STM32-second-edition/libopencm3/lib/libopencm3_stm32f1.a(rcc.o)
 .debug_abbrev  0x00001479      0x185 /home/hakan/stm32f103c8t6/beginning-STM32-second-edition/libopencm3/lib/libopencm3_stm32f1.a(rcc_common_all.o)
 .debug_abbrev  0x000015fe      0x1bf /home/hakan/stm32f103c8t6/beginning-STM32-second-edition/libopencm3/lib/libopencm3_stm32f1.a(usart_common_all.o)
 .debug_abbrev  0x000017bd       0xb6 /home/hakan/stm32f103c8t6/beginning-STM32-second-edition/libopencm3/lib/libopencm3_stm32f1.a(usart_common_f124.o)
 .debug_abbrev  0x00001873      0x149 /home/hakan/stm32f103c8t6/beginning-STM32-second-edition/libopencm3/lib/libopencm3_stm32f1.a(vector.o)
 .debug_abbrev  0x000019bc       0x96 /home/hakan/stm32f103c8t6/beginning-STM32-second-edition/libopencm3/lib/libopencm3_stm32f1.a(flash_common_all.o)

.debug_loclists
                0x00000000     0x21ca
 .debug_loclists
                0x00000000       0x65 uart.o
 .debug_loclists
                0x00000065      0x288 rtos/heap_4.o
 .debug_loclists
                0x000002ed       0x71 rtos/list.o
 .debug_loclists
                0x0000035e       0x7c rtos/port.o
 .debug_loclists
                0x000003da      0x907 rtos/queue.o
 .debug_loclists
                0x00000ce1      0xdf6 rtos/tasks.o
 .debug_loclists
                0x00001ad7       0xfd /home/hakan/stm32f103c8t6/beginning-STM32-second-edition/libopencm3/lib/libopencm3_stm32f1.a(gpio.o)
 .debug_loclists
                0x00001bd4       0x7e /home/hakan/stm32f103c8t6/beginning-STM32-second-edition/libopencm3/lib/libopencm3_stm32f1.a(gpio_common_all.o)
 .debug_loclists
                0x00001c52      0x256 /home/hakan/stm32f103c8t6/beginning-STM32-second-edition/libopencm3/lib/libopencm3_stm32f1.a(rcc.o)
 .debug_loclists
                0x00001ea8       0x68 /home/hakan/stm32f103c8t6/beginning-STM32-second-edition/libopencm3/lib/libopencm3_stm32f1.a(rcc_common_all.o)
 .debug_loclists
                0x00001f10      0x186 /home/hakan/stm32f103c8t6/beginning-STM32-second-edition/libopencm3/lib/libopencm3_stm32f1.a(usart_common_all.o)
 .debug_loclists
                0x00002096       0x67 /home/hakan/stm32f103c8t6/beginning-STM32-second-edition/libopencm3/lib/libopencm3_stm32f1.a(usart_common_f124.o)
 .debug_loclists
                0x000020fd       0xb6 /home/hakan/stm32f103c8t6/beginning-STM32-second-edition/libopencm3/lib/libopencm3_stm32f1.a(vector.o)
 .debug_loclists
                0x000021b3       0x17 /home/hakan/stm32f103c8t6/beginning-STM32-second-edition/libopencm3/lib/libopencm3_stm32f1.a(flash_common_all.o)

.debug_aranges  0x00000000      0x780
 .debug_aranges
                0x00000000       0x38 uart.o
 .debug_aranges
                0x00000038       0x48 rtos/heap_4.o
 .debug_aranges
                0x00000080       0x40 rtos/list.o
 .debug_aranges
                0x000000c0       0x70 rtos/port.o
 .debug_aranges
                0x00000130       0xa8 rtos/queue.o
 .debug_aranges
                0x000001d8      0x160 rtos/tasks.o
 .debug_aranges
                0x00000338       0x30 rtos/opencm3.o
 .debug_aranges
                0x00000368       0x38 /home/hakan/stm32f103c8t6/beginning-STM32-second-edition/libopencm3/lib/libopencm3_stm32f1.a(gpio.o)
 .debug_aranges
                0x000003a0       0x50 /home/hakan/stm32f103c8t6/beginning-STM32-second-edition/libopencm3/lib/libopencm3_stm32f1.a(gpio_common_all.o)
 .debug_aranges
                0x000003f0      0x170 /home/hakan/stm32f103c8t6/beginning-STM32-second-edition/libopencm3/lib/libopencm3_stm32f1.a(rcc.o)
 .debug_aranges
                0x00000560       0x80 /home/hakan/stm32f103c8t6/beginning-STM32-second-edition/libopencm3/lib/libopencm3_stm32f1.a(rcc_common_all.o)
 .debug_aranges
                0x000005e0       0xf8 /home/hakan/stm32f103c8t6/beginning-STM32-second-edition/libopencm3/lib/libopencm3_stm32f1.a(usart_common_all.o)
 .debug_aranges
                0x000006d8       0x40 /home/hakan/stm32f103c8t6/beginning-STM32-second-edition/libopencm3/lib/libopencm3_stm32f1.a(usart_common_f124.o)
 .debug_aranges
                0x00000718       0x30 /home/hakan/stm32f103c8t6/beginning-STM32-second-edition/libopencm3/lib/libopencm3_stm32f1.a(vector.o)
 .debug_aranges
                0x00000748       0x38 /home/hakan/stm32f103c8t6/beginning-STM32-second-edition/libopencm3/lib/libopencm3_stm32f1.a(flash_common_all.o)

.debug_rnglists
                0x00000000      0x75f
 .debug_rnglists
                0x00000000       0x35 uart.o
 .debug_rnglists
                0x00000035       0x32 rtos/heap_4.o
 .debug_rnglists
                0x00000067       0x2b rtos/list.o
 .debug_rnglists
                0x00000092       0x5b rtos/port.o
 .debug_rnglists
                0x000000ed      0x13a rtos/queue.o
 .debug_rnglists
                0x00000227      0x1dd rtos/tasks.o
 .debug_rnglists
                0x00000404       0x1f rtos/opencm3.o
 .debug_rnglists
                0x00000423       0x25 /home/hakan/stm32f103c8t6/beginning-STM32-second-edition/libopencm3/lib/libopencm3_stm32f1.a(gpio.o)
 .debug_rnglists
                0x00000448       0x37 /home/hakan/stm32f103c8t6/beginning-STM32-second-edition/libopencm3/lib/libopencm3_stm32f1.a(gpio_common_all.o)
 .debug_rnglists
                0x0000047f      0x160 /home/hakan/stm32f103c8t6/beginning-STM32-second-edition/libopencm3/lib/libopencm3_stm32f1.a(rcc.o)
 .debug_rnglists
                0x000005df       0x5b /home/hakan/stm32f103c8t6/beginning-STM32-second-edition/libopencm3/lib/libopencm3_stm32f1.a(rcc_common_all.o)
 .debug_rnglists
                0x0000063a       0xb5 /home/hakan/stm32f103c8t6/beginning-STM32-second-edition/libopencm3/lib/libopencm3_stm32f1.a(usart_common_all.o)
 .debug_rnglists
                0x000006ef       0x2b /home/hakan/stm32f103c8t6/beginning-STM32-second-edition/libopencm3/lib/libopencm3_stm32f1.a(usart_common_f124.o)
 .debug_rnglists
                0x0000071a       0x20 /home/hakan/stm32f103c8t6/beginning-STM32-second-edition/libopencm3/lib/libopencm3_stm32f1.a(vector.o)
 .debug_rnglists
                0x0000073a       0x25 /home/hakan/stm32f103c8t6/beginning-STM32-second-edition/libopencm3/lib/libopencm3_stm32f1.a(flash_common_all.o)

.debug_line     0x00000000     0x59a8
 .debug_line    0x00000000      0x316 uart.o
 .debug_line    0x00000316      0x451 rtos/heap_4.o
 .debug_line    0x00000767      0x255 rtos/list.o
 .debug_line    0x000009bc      0x2e6 rtos/port.o
 .debug_line    0x00000ca2      0xcaf rtos/queue.o
 .debug_line    0x00001951     0x1815 rtos/tasks.o
 .debug_line    0x00003166       0x6b rtos/opencm3.o
 .debug_line    0x000031d1      0x369 /home/hakan/stm32f103c8t6/beginning-STM32-second-edition/libopencm3/lib/libopencm3_stm32f1.a(gpio.o)
 .debug_line    0x0000353a      0x355 /home/hakan/stm32f103c8t6/beginning-STM32-second-edition/libopencm3/lib/libopencm3_stm32f1.a(gpio_common_all.o)
 .debug_line    0x0000388f      0xce6 /home/hakan/stm32f103c8t6/beginning-STM32-second-edition/libopencm3/lib/libopencm3_stm32f1.a(rcc.o)
 .debug_line    0x00004575      0x3fc /home/hakan/stm32f103c8t6/beginning-STM32-second-edition/libopencm3/lib/libopencm3_stm32f1.a(rcc_common_all.o)
 .debug_line    0x00004971      0x64e /home/hakan/stm32f103c8t6/beginning-STM32-second-edition/libopencm3/lib/libopencm3_stm32f1.a(usart_common_all.o)
 .debug_line    0x00004fbf      0x33c /home/hakan/stm32f103c8t6/beginning-STM32-second-edition/libopencm3/lib/libopencm3_stm32f1.a(usart_common_f124.o)
 .debug_line    0x000052fb      0x3a7 /home/hakan/stm32f103c8t6/beginning-STM32-second-edition/libopencm3/lib/libopencm3_stm32f1.a(vector.o)
 .debug_line    0x000056a2      0x306 /home/hakan/stm32f103c8t6/beginning-STM32-second-edition/libopencm3/lib/libopencm3_stm32f1.a(flash_common_all.o)

.debug_str      0x00000000    0x10aed
 .debug_str     0x00000000      0x634 uart.o
                                0x762 (size before relaxing)
 .debug_str     0x00000634      0x1f2 rtos/heap_4.o
                                0x381 (size before relaxing)
 .debug_str     0x00000826      0x11e rtos/list.o
                                0x2d1 (size before relaxing)
 .debug_str     0x00000944      0x174 rtos/port.o
                                0x32b (size before relaxing)
 .debug_str     0x00000ab8      0x481 rtos/queue.o
                                0x800 (size before relaxing)
 .debug_str     0x00000f39      0x846 rtos/tasks.o
                                0xdd5 (size before relaxing)
 .debug_str     0x0000177f       0x40 rtos/opencm3.o
                                0x1e9 (size before relaxing)
 .debug_str     0x000017bf     0x8515 /home/hakan/stm32f103c8t6/beginning-STM32-second-edition/libopencm3/lib/libopencm3_stm32f1.a(gpio.o)
                               0x86bd (size before relaxing)
 .debug_str     0x00009cd4       0x74 /home/hakan/stm32f103c8t6/beginning-STM32-second-edition/libopencm3/lib/libopencm3_stm32f1.a(gpio_common_all.o)
                               0x86b1 (size before relaxing)
 .debug_str     0x00009d48     0x3354 /home/hakan/stm32f103c8t6/beginning-STM32-second-edition/libopencm3/lib/libopencm3_stm32f1.a(rcc.o)
                               0x8312 (size before relaxing)
 .debug_str     0x0000d09c      0x379 /home/hakan/stm32f103c8t6/beginning-STM32-second-edition/libopencm3/lib/libopencm3_stm32f1.a(rcc_common_all.o)
                               0x7a20 (size before relaxing)
 .debug_str     0x0000d415     0x11c7 /home/hakan/stm32f103c8t6/beginning-STM32-second-edition/libopencm3/lib/libopencm3_stm32f1.a(usart_common_all.o)
                               0x8684 (size before relaxing)
 .debug_str     0x0000e5dc       0x1e /home/hakan/stm32f103c8t6/beginning-STM32-second-edition/libopencm3/lib/libopencm3_stm32f1.a(usart_common_f124.o)
                               0x83d5 (size before relaxing)
 .debug_str     0x0000e5fa     0x248f /home/hakan/stm32f103c8t6/beginning-STM32-second-edition/libopencm3/lib/libopencm3_stm32f1.a(vector.o)
                               0x66f7 (size before relaxing)
 .debug_str     0x00010a89       0x64 /home/hakan/stm32f103c8t6/beginning-STM32-second-edition/libopencm3/lib/libopencm3_stm32f1.a(flash_common_all.o)
                               0x55f6 (size before relaxing)

.comment        0x00000000       0x45
 .comment       0x00000000       0x45 uart.o
                                 0x46 (size before relaxing)
 .comment       0x00000045       0x46 rtos/heap_4.o
 .comment       0x00000045       0x46 rtos/list.o
 .comment       0x00000045       0x46 rtos/port.o
 .comment       0x00000045       0x46 rtos/queue.o
 .comment       0x00000045       0x46 rtos/tasks.o
 .comment       0x00000045       0x46 rtos/opencm3.o
 .comment       0x00000045       0x46 /home/hakan/stm32f103c8t6/beginning-STM32-second-edition/libopencm3/lib/libopencm3_stm32f1.a(gpio.o)
 .comment       0x00000045       0x46 /home/hakan/stm32f103c8t6/beginning-STM32-second-edition/libopencm3/lib/libopencm3_stm32f1.a(gpio_common_all.o)
 .comment       0x00000045       0x46 /home/hakan/stm32f103c8t6/beginning-STM32-second-edition/libopencm3/lib/libopencm3_stm32f1.a(rcc.o)
 .comment       0x00000045       0x46 /home/hakan/stm32f103c8t6/beginning-STM32-second-edition/libopencm3/lib/libopencm3_stm32f1.a(rcc_common_all.o)
 .comment       0x00000045       0x46 /home/hakan/stm32f103c8t6/beginning-STM32-second-edition/libopencm3/lib/libopencm3_stm32f1.a(usart_common_all.o)
 .comment       0x00000045       0x46 /home/hakan/stm32f103c8t6/beginning-STM32-second-edition/libopencm3/lib/libopencm3_stm32f1.a(usart_common_f124.o)
 .comment       0x00000045       0x46 /home/hakan/stm32f103c8t6/beginning-STM32-second-edition/libopencm3/lib/libopencm3_stm32f1.a(vector.o)
 .comment       0x00000045       0x46 /home/hakan/stm32f103c8t6/beginning-STM32-second-edition/libopencm3/lib/libopencm3_stm32f1.a(flash_common_all.o)

.ARM.attributes
                0x00000000       0x2b
 .ARM.attributes
                0x00000000       0x2d uart.o
 .ARM.attributes
                0x0000002d       0x2d rtos/heap_4.o
 .ARM.attributes
                0x0000005a       0x2d rtos/list.o
 .ARM.attributes
                0x00000087       0x2d rtos/port.o
 .ARM.attributes
                0x000000b4       0x2d rtos/queue.o
 .ARM.attributes
                0x000000e1       0x2d rtos/tasks.o
 .ARM.attributes
                0x0000010e       0x2d rtos/opencm3.o
 .ARM.attributes
                0x0000013b       0x1b /opt/gcc-arm/bin/../lib/gcc/arm-none-eabi/12.3.1/../../../../arm-none-eabi/lib/thumb/v7-m/nofp/libc.a(libc_a-memcpy.o)
 .ARM.attributes
                0x00000156       0x2d /home/hakan/stm32f103c8t6/beginning-STM32-second-edition/libopencm3/lib/libopencm3_stm32f1.a(gpio.o)
 .ARM.attributes
                0x00000183       0x2d /home/hakan/stm32f103c8t6/beginning-STM32-second-edition/libopencm3/lib/libopencm3_stm32f1.a(gpio_common_all.o)
 .ARM.attributes
                0x000001b0       0x2d /home/hakan/stm32f103c8t6/beginning-STM32-second-edition/libopencm3/lib/libopencm3_stm32f1.a(rcc.o)
 .ARM.attributes
                0x000001dd       0x2d /home/hakan/stm32f103c8t6/beginning-STM32-second-edition/libopencm3/lib/libopencm3_stm32f1.a(rcc_common_all.o)
 .ARM.attributes
                0x0000020a       0x2d /home/hakan/stm32f103c8t6/beginning-STM32-second-edition/libopencm3/lib/libopencm3_stm32f1.a(usart_common_all.o)
 .ARM.attributes
                0x00000237       0x2d /home/hakan/stm32f103c8t6/beginning-STM32-second-edition/libopencm3/lib/libopencm3_stm32f1.a(usart_common_f124.o)
 .ARM.attributes
                0x00000264       0x2d /home/hakan/stm32f103c8t6/beginning-STM32-second-edition/libopencm3/lib/libopencm3_stm32f1.a(vector.o)
 .ARM.attributes
                0x00000291       0x2d /home/hakan/stm32f103c8t6/beginning-STM32-second-edition/libopencm3/lib/libopencm3_stm32f1.a(flash_common_all.o)

.debug_frame    0x00000000     0x10dc
 .debug_frame   0x00000000       0x74 uart.o
 .debug_frame   0x00000074       0x9c rtos/heap_4.o
 .debug_frame   0x00000110       0x6c rtos/list.o
 .debug_frame   0x0000017c       0xd0 rtos/port.o
 .debug_frame   0x0000024c      0x200 rtos/queue.o
 .debug_frame   0x0000044c      0x474 rtos/tasks.o
 .debug_frame   0x000008c0       0x40 rtos/opencm3.o
 .debug_frame   0x00000900       0x64 /home/hakan/stm32f103c8t6/beginning-STM32-second-edition/libopencm3/lib/libopencm3_stm32f1.a(gpio.o)
 .debug_frame   0x00000964       0x80 /home/hakan/stm32f103c8t6/beginning-STM32-second-edition/libopencm3/lib/libopencm3_stm32f1.a(gpio_common_all.o)
 .debug_frame   0x000009e4      0x318 /home/hakan/stm32f103c8t6/beginning-STM32-second-edition/libopencm3/lib/libopencm3_stm32f1.a(rcc.o)
 .debug_frame   0x00000cfc       0xe0 /home/hakan/stm32f103c8t6/beginning-STM32-second-edition/libopencm3/lib/libopencm3_stm32f1.a(rcc_common_all.o)
 .debug_frame   0x00000ddc      0x204 /home/hakan/stm32f103c8t6/beginning-STM32-second-edition/libopencm3/lib/libopencm3_stm32f1.a(usart_common_all.o)
 .debug_frame   0x00000fe0       0x60 /home/hakan/stm32f103c8t6/beginning-STM32-second-edition/libopencm3/lib/libopencm3_stm32f1.a(usart_common_f124.o)
 .debug_frame   0x00001040       0x4c /home/hakan/stm32f103c8t6/beginning-STM32-second-edition/libopencm3/lib/libopencm3_stm32f1.a(vector.o)
 .debug_frame   0x0000108c       0x50 /home/hakan/stm32f103c8t6/beginning-STM32-second-edition/libopencm3/lib/libopencm3_stm32f1.a(flash_common_all.o)

.debug_line_str
                0x00000000       0xd8
 .debug_line_str
                0x00000000       0xd8 /opt/gcc-arm/bin/../lib/gcc/arm-none-eabi/12.3.1/../../../../arm-none-eabi/lib/thumb/v7-m/nofp/libc.a(libc_a-memcpy.o)

.debug_macro    0x00000000     0x3a30
 .debug_macro   0x00000000       0xb8 /home/hakan/stm32f103c8t6/beginning-STM32-second-edition/libopencm3/lib/libopencm3_stm32f1.a(gpio.o)
 .debug_macro   0x000000b8      0xa9c /home/hakan/stm32f103c8t6/beginning-STM32-second-edition/libopencm3/lib/libopencm3_stm32f1.a(gpio.o)
 .debug_macro   0x00000b54       0x1c /home/hakan/stm32f103c8t6/beginning-STM32-second-edition/libopencm3/lib/libopencm3_stm32f1.a(gpio.o)
 .debug_macro   0x00000b70       0x22 /home/hakan/stm32f103c8t6/beginning-STM32-second-edition/libopencm3/lib/libopencm3_stm32f1.a(gpio.o)
 .debug_macro   0x00000b92       0x56 /home/hakan/stm32f103c8t6/beginning-STM32-second-edition/libopencm3/lib/libopencm3_stm32f1.a(gpio.o)
 .debug_macro   0x00000be8       0x51 /home/hakan/stm32f103c8t6/beginning-STM32-second-edition/libopencm3/lib/libopencm3_stm32f1.a(gpio.o)
 .debug_macro   0x00000c39      0x103 /home/hakan/stm32f103c8t6/beginning-STM32-second-edition/libopencm3/lib/libopencm3_stm32f1.a(gpio.o)
 .debug_macro   0x00000d3c       0x6a /home/hakan/stm32f103c8t6/beginning-STM32-second-edition/libopencm3/lib/libopencm3_stm32f1.a(gpio.o)
 .debug_macro   0x00000da6      0x1df /home/hakan/stm32f103c8t6/beginning-STM32-second-edition/libopencm3/lib/libopencm3_stm32f1.a(gpio.o)
 .debug_macro   0x00000f85       0x22 /home/hakan/stm32f103c8t6/beginning-STM32-second-edition/libopencm3/lib/libopencm3_stm32f1.a(gpio.o)
 .debug_macro   0x00000fa7       0xe8 /home/hakan/stm32f103c8t6/beginning-STM32-second-edition/libopencm3/lib/libopencm3_stm32f1.a(gpio.o)
 .debug_macro   0x0000108f       0x76 /home/hakan/stm32f103c8t6/beginning-STM32-second-edition/libopencm3/lib/libopencm3_stm32f1.a(gpio.o)
 .debug_macro   0x00001105      0x1b4 /home/hakan/stm32f103c8t6/beginning-STM32-second-edition/libopencm3/lib/libopencm3_stm32f1.a(gpio.o)
 .debug_macro   0x000012b9       0x76 /home/hakan/stm32f103c8t6/beginning-STM32-second-edition/libopencm3/lib/libopencm3_stm32f1.a(gpio.o)
 .debug_macro   0x0000132f      0xe2e /home/hakan/stm32f103c8t6/beginning-STM32-second-edition/libopencm3/lib/libopencm3_stm32f1.a(gpio.o)
 .debug_macro   0x0000215d       0xb8 /home/hakan/stm32f103c8t6/beginning-STM32-second-edition/libopencm3/lib/libopencm3_stm32f1.a(gpio_common_all.o)
 .debug_macro   0x00002215       0xe7 /home/hakan/stm32f103c8t6/beginning-STM32-second-edition/libopencm3/lib/libopencm3_stm32f1.a(rcc.o)
 .debug_macro   0x000022fc       0x16 /home/hakan/stm32f103c8t6/beginning-STM32-second-edition/libopencm3/lib/libopencm3_stm32f1.a(rcc.o)
 .debug_macro   0x00002312      0x8c6 /home/hakan/stm32f103c8t6/beginning-STM32-second-edition/libopencm3/lib/libopencm3_stm32f1.a(rcc.o)
 .debug_macro   0x00002bd8       0xee /home/hakan/stm32f103c8t6/beginning-STM32-second-edition/libopencm3/lib/libopencm3_stm32f1.a(rcc.o)
 .debug_macro   0x00002cc6       0x82 /home/hakan/stm32f103c8t6/beginning-STM32-second-edition/libopencm3/lib/libopencm3_stm32f1.a(rcc.o)
 .debug_macro   0x00002d48       0xce /home/hakan/stm32f103c8t6/beginning-STM32-second-edition/libopencm3/lib/libopencm3_stm32f1.a(rcc_common_all.o)
 .debug_macro   0x00002e16       0xda /home/hakan/stm32f103c8t6/beginning-STM32-second-edition/libopencm3/lib/libopencm3_stm32f1.a(usart_common_all.o)
 .debug_macro   0x00002ef0       0x94 /home/hakan/stm32f103c8t6/beginning-STM32-second-edition/libopencm3/lib/libopencm3_stm32f1.a(usart_common_all.o)
 .debug_macro   0x00002f84      0x29e /home/hakan/stm32f103c8t6/beginning-STM32-second-edition/libopencm3/lib/libopencm3_stm32f1.a(usart_common_all.o)
 .debug_macro   0x00003222       0xda /home/hakan/stm32f103c8t6/beginning-STM32-second-edition/libopencm3/lib/libopencm3_stm32f1.a(usart_common_f124.o)
 .debug_macro   0x000032fc       0xcf /home/hakan/stm32f103c8t6/beginning-STM32-second-edition/libopencm3/lib/libopencm3_stm32f1.a(vector.o)
 .debug_macro   0x000033cb      0x395 /home/hakan/stm32f103c8t6/beginning-STM32-second-edition/libopencm3/lib/libopencm3_stm32f1.a(vector.o)
 .debug_macro   0x00003760       0x6e /home/hakan/stm32f103c8t6/beginning-STM32-second-edition/libopencm3/lib/libopencm3_stm32f1.a(vector.o)
 .debug_macro   0x000037ce      0x1a2 /home/hakan/stm32f103c8t6/beginning-STM32-second-edition/libopencm3/lib/libopencm3_stm32f1.a(vector.o)
 .debug_macro   0x00003970       0xc0 /home/hakan/stm32f103c8t6/beginning-STM32-second-edition/libopencm3/lib/libopencm3_stm32f1.a(flash_common_all.o)
